2025-06-05 10:19:20 [Test worker] INFO  c.e.s.e2e.AuthControllerE2ETest - Starting AuthControllerE2ETest using Java 17.0.14 with PID 9544 (started by It in D:\delta\senti_mate\senti_mate_back_end)
2025-06-05 10:19:20 [Test worker] DEBUG c.e.s.e2e.AuthControllerE2ETest - Running with Spring Boot v3.5.0, Spring v6.2.7
2025-06-05 10:19:20 [Test worker] INFO  c.e.s.e2e.AuthControllerE2ETest - The following 1 profile is active: "test"
2025-06-05 10:19:21 [Test worker] INFO  o.s.d.r.c.RepositoryConfigurationDelegate - Bootstrapping Spring Data JPA repositories in DEFAULT mode.
2025-06-05 10:19:21 [Test worker] INFO  o.s.d.r.c.RepositoryConfigurationDelegate - Finished Spring Data repository scanning in 162 ms. Found 6 JPA repository interfaces.
2025-06-05 10:19:22 [Test worker] INFO  o.s.b.w.e.tomcat.TomcatWebServer - Tomcat initialized with port 0 (http)
2025-06-05 10:19:22 [Test worker] INFO  o.a.catalina.core.StandardService - Starting service [Tomcat]
2025-06-05 10:19:22 [Test worker] INFO  o.a.catalina.core.StandardEngine - Starting Servlet engine: [Apache Tomcat/10.1.41]
2025-06-05 10:19:22 [Test worker] INFO  o.a.c.c.C.[Tomcat].[localhost].[/] - Initializing Spring embedded WebApplicationContext
2025-06-05 10:19:22 [Test worker] INFO  o.s.b.w.s.c.ServletWebServerApplicationContext - Root WebApplicationContext: initialization completed in 2385 ms
2025-06-05 10:19:23 [Test worker] INFO  com.zaxxer.hikari.HikariDataSource - HikariPool-1 - Starting...
2025-06-05 10:19:23 [Test worker] INFO  com.zaxxer.hikari.pool.HikariPool - HikariPool-1 - Added connection com.mysql.cj.jdbc.ConnectionImpl@3f142e87
2025-06-05 10:19:23 [Test worker] INFO  com.zaxxer.hikari.HikariDataSource - HikariPool-1 - Start completed.
2025-06-05 10:19:23 [Test worker] INFO  org.flywaydb.core.FlywayExecutor - Database: jdbc:mysql://localhost:3306/sentimate_db (MySQL 9.2)
2025-06-05 10:19:23 [Test worker] WARN  o.f.c.i.database.base.Database - Flyway upgrade recommended: MySQL 9.2 is newer than this version of Flyway and support has not been tested. The latest supported version of MySQL is 8.1.
2025-06-05 10:19:23 [Test worker] INFO  o.f.core.internal.command.DbValidate - Successfully validated 2 migrations (execution time 00:00.037s)
2025-06-05 10:19:23 [Test worker] INFO  o.f.core.internal.command.DbMigrate - Current version of schema `sentimate_db`: 2
2025-06-05 10:19:23 [Test worker] INFO  o.f.core.internal.command.DbMigrate - Schema `sentimate_db` is up to date. No migration necessary.
2025-06-05 10:19:24 [Test worker] INFO  o.s.o.j.p.SpringPersistenceUnitInfo - No LoadTimeWeaver setup: ignoring JPA class transformer
2025-06-05 10:19:25 [Test worker] INFO  o.s.o.j.LocalContainerEntityManagerFactoryBean - Initialized JPA EntityManagerFactory for persistence unit 'default'
2025-06-05 10:19:26 [Test worker] DEBUG c.e.s.config.JwtAuthenticationFilter - Filter 'jwtAuthenticationFilter' configured for use
2025-06-05 10:19:26 [Test worker] INFO  o.s.s.c.a.a.c.InitializeAuthenticationProviderBeanManagerConfigurer$InitializeAuthenticationProviderManagerConfigurer - Global AuthenticationManager configured with AuthenticationProvider bean with name authenticationProvider
2025-06-05 10:19:26 [Test worker] WARN  o.s.s.c.a.a.c.InitializeUserDetailsBeanManagerConfigurer$InitializeUserDetailsManagerConfigurer - Global AuthenticationManager configured with an AuthenticationProvider bean. UserDetailsService beans will not be used by Spring Security for automatically configuring username/password login. Consider removing the AuthenticationProvider bean. Alternatively, consider using the UserDetailsService in a manually instantiated DaoAuthenticationProvider. If the current configuration is intentional, to turn off this warning, increase the logging level of 'org.springframework.security.config.annotation.authentication.configuration.InitializeUserDetailsBeanManagerConfigurer' to ERROR
2025-06-05 10:19:26 [Test worker] INFO  o.s.d.j.r.query.QueryEnhancerFactory - Hibernate is in classpath; If applicable, HQL parser will be used.
2025-06-05 10:19:28 [Test worker] WARN  o.s.b.a.o.j.JpaBaseConfiguration$JpaWebConfiguration - spring.jpa.open-in-view is enabled by default. Therefore, database queries may be performed during view rendering. Explicitly configure spring.jpa.open-in-view to disable this warning
2025-06-05 10:19:29 [Test worker] INFO  o.s.b.a.e.web.EndpointLinksResolver - Exposing 3 endpoints beneath base path '/actuator'
2025-06-05 10:19:30 [Test worker] DEBUG c.e.s.config.JwtAuthenticationFilter - Filter 'jwtAuthenticationFilter' configured for use
2025-06-05 10:19:30 [Test worker] INFO  o.a.c.c.C.[Tomcat].[localhost].[/] - Initializing Spring TestDispatcherServlet ''
2025-06-05 10:19:30 [Test worker] INFO  o.s.t.w.s.TestDispatcherServlet - Initializing Servlet ''
2025-06-05 10:19:30 [Test worker] INFO  o.s.t.w.s.TestDispatcherServlet - Completed initialization in 3 ms
2025-06-05 10:19:30 [Test worker] INFO  o.s.b.w.e.tomcat.TomcatWebServer - Tomcat started on port 53732 (http) with context path '/'
2025-06-05 10:19:30 [Test worker] INFO  c.e.s.e2e.AuthControllerE2ETest - Started AuthControllerE2ETest in 10.781 seconds (process running for 11.923)
2025-06-05 10:19:31 [SpringApplicationShutdownHook] INFO  o.s.b.w.e.tomcat.GracefulShutdown - Commencing graceful shutdown. Waiting for active requests to complete
2025-06-05 10:19:31 [tomcat-shutdown] INFO  o.s.b.w.e.tomcat.GracefulShutdown - Graceful shutdown complete
2025-06-05 10:19:31 [SpringApplicationShutdownHook] INFO  o.s.o.j.LocalContainerEntityManagerFactoryBean - Closing JPA EntityManagerFactory for persistence unit 'default'
2025-06-05 10:19:31 [SpringApplicationShutdownHook] INFO  com.zaxxer.hikari.HikariDataSource - HikariPool-1 - Shutdown initiated...
2025-06-05 10:19:31 [SpringApplicationShutdownHook] INFO  com.zaxxer.hikari.HikariDataSource - HikariPool-1 - Shutdown completed.
2025-06-05 10:27:40 [Test worker] INFO  c.e.s.e2e.AuthControllerE2ETest - Starting AuthControllerE2ETest using Java 17.0.14 with PID 15132 (started by It in D:\delta\senti_mate\senti_mate_back_end)
2025-06-05 10:27:40 [Test worker] DEBUG c.e.s.e2e.AuthControllerE2ETest - Running with Spring Boot v3.5.0, Spring v6.2.7
2025-06-05 10:27:40 [Test worker] INFO  c.e.s.e2e.AuthControllerE2ETest - The following 1 profile is active: "test"
2025-06-05 10:27:41 [Test worker] INFO  o.s.d.r.c.RepositoryConfigurationDelegate - Bootstrapping Spring Data JPA repositories in DEFAULT mode.
2025-06-05 10:27:41 [Test worker] INFO  o.s.d.r.c.RepositoryConfigurationDelegate - Finished Spring Data repository scanning in 139 ms. Found 6 JPA repository interfaces.
2025-06-05 10:27:41 [Test worker] INFO  o.s.b.w.e.tomcat.TomcatWebServer - Tomcat initialized with port 0 (http)
2025-06-05 10:27:41 [Test worker] INFO  o.a.catalina.core.StandardService - Starting service [Tomcat]
2025-06-05 10:27:41 [Test worker] INFO  o.a.catalina.core.StandardEngine - Starting Servlet engine: [Apache Tomcat/10.1.41]
2025-06-05 10:27:42 [Test worker] INFO  o.a.c.c.C.[Tomcat].[localhost].[/] - Initializing Spring embedded WebApplicationContext
2025-06-05 10:27:42 [Test worker] INFO  o.s.b.w.s.c.ServletWebServerApplicationContext - Root WebApplicationContext: initialization completed in 1957 ms
2025-06-05 10:27:42 [Test worker] INFO  com.zaxxer.hikari.HikariDataSource - HikariPool-1 - Starting...
2025-06-05 10:27:42 [Test worker] INFO  com.zaxxer.hikari.pool.HikariPool - HikariPool-1 - Added connection com.mysql.cj.jdbc.ConnectionImpl@2682cccc
2025-06-05 10:27:42 [Test worker] INFO  com.zaxxer.hikari.HikariDataSource - HikariPool-1 - Start completed.
2025-06-05 10:27:42 [Test worker] INFO  org.flywaydb.core.FlywayExecutor - Database: jdbc:mysql://localhost:3306/sentimate_db (MySQL 9.2)
2025-06-05 10:27:42 [Test worker] WARN  o.f.c.i.database.base.Database - Flyway upgrade recommended: MySQL 9.2 is newer than this version of Flyway and support has not been tested. The latest supported version of MySQL is 8.1.
2025-06-05 10:27:42 [Test worker] INFO  o.f.core.internal.command.DbValidate - Successfully validated 2 migrations (execution time 00:00.030s)
2025-06-05 10:27:42 [Test worker] INFO  o.f.core.internal.command.DbMigrate - Current version of schema `sentimate_db`: 2
2025-06-05 10:27:42 [Test worker] INFO  o.f.core.internal.command.DbMigrate - Schema `sentimate_db` is up to date. No migration necessary.
2025-06-05 10:27:43 [Test worker] INFO  o.s.o.j.p.SpringPersistenceUnitInfo - No LoadTimeWeaver setup: ignoring JPA class transformer
2025-06-05 10:27:44 [Test worker] INFO  o.s.o.j.LocalContainerEntityManagerFactoryBean - Initialized JPA EntityManagerFactory for persistence unit 'default'
2025-06-05 10:27:44 [Test worker] DEBUG c.e.s.config.JwtAuthenticationFilter - Filter 'jwtAuthenticationFilter' configured for use
2025-06-05 10:27:44 [Test worker] INFO  o.s.s.c.a.a.c.InitializeAuthenticationProviderBeanManagerConfigurer$InitializeAuthenticationProviderManagerConfigurer - Global AuthenticationManager configured with AuthenticationProvider bean with name authenticationProvider
2025-06-05 10:27:44 [Test worker] WARN  o.s.s.c.a.a.c.InitializeUserDetailsBeanManagerConfigurer$InitializeUserDetailsManagerConfigurer - Global AuthenticationManager configured with an AuthenticationProvider bean. UserDetailsService beans will not be used by Spring Security for automatically configuring username/password login. Consider removing the AuthenticationProvider bean. Alternatively, consider using the UserDetailsService in a manually instantiated DaoAuthenticationProvider. If the current configuration is intentional, to turn off this warning, increase the logging level of 'org.springframework.security.config.annotation.authentication.configuration.InitializeUserDetailsBeanManagerConfigurer' to ERROR
2025-06-05 10:27:45 [Test worker] INFO  o.s.d.j.r.query.QueryEnhancerFactory - Hibernate is in classpath; If applicable, HQL parser will be used.
2025-06-05 10:27:46 [Test worker] WARN  o.s.b.a.o.j.JpaBaseConfiguration$JpaWebConfiguration - spring.jpa.open-in-view is enabled by default. Therefore, database queries may be performed during view rendering. Explicitly configure spring.jpa.open-in-view to disable this warning
2025-06-05 10:27:47 [Test worker] INFO  o.s.b.a.e.web.EndpointLinksResolver - Exposing 3 endpoints beneath base path '/actuator'
2025-06-05 10:27:48 [Test worker] DEBUG c.e.s.config.JwtAuthenticationFilter - Filter 'jwtAuthenticationFilter' configured for use
2025-06-05 10:27:48 [Test worker] INFO  o.a.c.c.C.[Tomcat].[localhost].[/] - Initializing Spring TestDispatcherServlet ''
2025-06-05 10:27:48 [Test worker] INFO  o.s.t.w.s.TestDispatcherServlet - Initializing Servlet ''
2025-06-05 10:27:48 [Test worker] INFO  o.s.t.w.s.TestDispatcherServlet - Completed initialization in 3 ms
2025-06-05 10:27:48 [Test worker] INFO  o.s.b.w.e.tomcat.TomcatWebServer - Tomcat started on port 54172 (http) with context path '/'
2025-06-05 10:27:48 [Test worker] INFO  c.e.s.e2e.AuthControllerE2ETest - Started AuthControllerE2ETest in 8.843 seconds (process running for 9.952)
2025-06-05 10:27:49 [SpringApplicationShutdownHook] INFO  o.s.b.w.e.tomcat.GracefulShutdown - Commencing graceful shutdown. Waiting for active requests to complete
2025-06-05 10:27:49 [tomcat-shutdown] INFO  o.s.b.w.e.tomcat.GracefulShutdown - Graceful shutdown complete
2025-06-05 10:27:49 [SpringApplicationShutdownHook] INFO  o.s.o.j.LocalContainerEntityManagerFactoryBean - Closing JPA EntityManagerFactory for persistence unit 'default'
2025-06-05 10:27:49 [SpringApplicationShutdownHook] INFO  com.zaxxer.hikari.HikariDataSource - HikariPool-1 - Shutdown initiated...
2025-06-05 10:27:49 [SpringApplicationShutdownHook] INFO  com.zaxxer.hikari.HikariDataSource - HikariPool-1 - Shutdown completed.
2025-06-05 10:29:59 [Test worker] INFO  c.e.s.e2e.AuthControllerE2ETest - Starting AuthControllerE2ETest using Java 17.0.14 with PID 19604 (started by It in D:\delta\senti_mate\senti_mate_back_end)
2025-06-05 10:29:59 [Test worker] DEBUG c.e.s.e2e.AuthControllerE2ETest - Running with Spring Boot v3.5.0, Spring v6.2.7
2025-06-05 10:29:59 [Test worker] INFO  c.e.s.e2e.AuthControllerE2ETest - The following 1 profile is active: "test"
2025-06-05 10:30:00 [Test worker] INFO  o.s.d.r.c.RepositoryConfigurationDelegate - Bootstrapping Spring Data JPA repositories in DEFAULT mode.
2025-06-05 10:30:01 [Test worker] INFO  o.s.d.r.c.RepositoryConfigurationDelegate - Finished Spring Data repository scanning in 151 ms. Found 6 JPA repository interfaces.
2025-06-05 10:30:01 [Test worker] INFO  o.s.b.w.e.tomcat.TomcatWebServer - Tomcat initialized with port 0 (http)
2025-06-05 10:30:01 [Test worker] INFO  o.a.catalina.core.StandardService - Starting service [Tomcat]
2025-06-05 10:30:01 [Test worker] INFO  o.a.catalina.core.StandardEngine - Starting Servlet engine: [Apache Tomcat/10.1.41]
2025-06-05 10:30:01 [Test worker] INFO  o.a.c.c.C.[Tomcat].[localhost].[/] - Initializing Spring embedded WebApplicationContext
2025-06-05 10:30:01 [Test worker] INFO  o.s.b.w.s.c.ServletWebServerApplicationContext - Root WebApplicationContext: initialization completed in 2489 ms
2025-06-05 10:30:02 [Test worker] INFO  com.zaxxer.hikari.HikariDataSource - HikariPool-1 - Starting...
2025-06-05 10:30:02 [Test worker] INFO  com.zaxxer.hikari.pool.HikariPool - HikariPool-1 - Added connection com.mysql.cj.jdbc.ConnectionImpl@206b959c
2025-06-05 10:30:02 [Test worker] INFO  com.zaxxer.hikari.HikariDataSource - HikariPool-1 - Start completed.
2025-06-05 10:30:02 [Test worker] INFO  org.flywaydb.core.FlywayExecutor - Database: jdbc:mysql://localhost:3306/sentimate_db (MySQL 9.2)
2025-06-05 10:30:02 [Test worker] WARN  o.f.c.i.database.base.Database - Flyway upgrade recommended: MySQL 9.2 is newer than this version of Flyway and support has not been tested. The latest supported version of MySQL is 8.1.
2025-06-05 10:30:02 [Test worker] INFO  o.f.core.internal.command.DbValidate - Successfully validated 2 migrations (execution time 00:00.043s)
2025-06-05 10:30:02 [Test worker] INFO  o.f.core.internal.command.DbMigrate - Current version of schema `sentimate_db`: 2
2025-06-05 10:30:02 [Test worker] INFO  o.f.core.internal.command.DbMigrate - Schema `sentimate_db` is up to date. No migration necessary.
2025-06-05 10:30:03 [Test worker] INFO  o.s.o.j.p.SpringPersistenceUnitInfo - No LoadTimeWeaver setup: ignoring JPA class transformer
2025-06-05 10:30:04 [Test worker] INFO  o.s.o.j.LocalContainerEntityManagerFactoryBean - Initialized JPA EntityManagerFactory for persistence unit 'default'
2025-06-05 10:30:05 [Test worker] DEBUG c.e.s.config.JwtAuthenticationFilter - Filter 'jwtAuthenticationFilter' configured for use
2025-06-05 10:30:05 [Test worker] INFO  o.s.s.c.a.a.c.InitializeAuthenticationProviderBeanManagerConfigurer$InitializeAuthenticationProviderManagerConfigurer - Global AuthenticationManager configured with AuthenticationProvider bean with name authenticationProvider
2025-06-05 10:30:05 [Test worker] WARN  o.s.s.c.a.a.c.InitializeUserDetailsBeanManagerConfigurer$InitializeUserDetailsManagerConfigurer - Global AuthenticationManager configured with an AuthenticationProvider bean. UserDetailsService beans will not be used by Spring Security for automatically configuring username/password login. Consider removing the AuthenticationProvider bean. Alternatively, consider using the UserDetailsService in a manually instantiated DaoAuthenticationProvider. If the current configuration is intentional, to turn off this warning, increase the logging level of 'org.springframework.security.config.annotation.authentication.configuration.InitializeUserDetailsBeanManagerConfigurer' to ERROR
2025-06-05 10:30:06 [Test worker] INFO  o.s.d.j.r.query.QueryEnhancerFactory - Hibernate is in classpath; If applicable, HQL parser will be used.
2025-06-05 10:30:07 [Test worker] WARN  o.s.b.a.o.j.JpaBaseConfiguration$JpaWebConfiguration - spring.jpa.open-in-view is enabled by default. Therefore, database queries may be performed during view rendering. Explicitly configure spring.jpa.open-in-view to disable this warning
2025-06-05 10:30:08 [Test worker] INFO  o.s.b.a.e.web.EndpointLinksResolver - Exposing 3 endpoints beneath base path '/actuator'
2025-06-05 10:30:09 [Test worker] DEBUG c.e.s.config.JwtAuthenticationFilter - Filter 'jwtAuthenticationFilter' configured for use
2025-06-05 10:30:09 [Test worker] INFO  o.a.c.c.C.[Tomcat].[localhost].[/] - Initializing Spring TestDispatcherServlet ''
2025-06-05 10:30:09 [Test worker] INFO  o.s.t.w.s.TestDispatcherServlet - Initializing Servlet ''
2025-06-05 10:30:09 [Test worker] INFO  o.s.t.w.s.TestDispatcherServlet - Completed initialization in 3 ms
2025-06-05 10:30:09 [Test worker] INFO  o.s.b.w.e.tomcat.TomcatWebServer - Tomcat started on port 54309 (http) with context path '/'
2025-06-05 10:30:09 [Test worker] INFO  c.e.s.e2e.AuthControllerE2ETest - Started AuthControllerE2ETest in 10.366 seconds (process running for 12.437)
2025-06-05 10:30:09 [SpringApplicationShutdownHook] INFO  o.s.b.w.e.tomcat.GracefulShutdown - Commencing graceful shutdown. Waiting for active requests to complete
2025-06-05 10:30:09 [tomcat-shutdown] INFO  o.s.b.w.e.tomcat.GracefulShutdown - Graceful shutdown complete
2025-06-05 10:30:09 [SpringApplicationShutdownHook] INFO  o.s.o.j.LocalContainerEntityManagerFactoryBean - Closing JPA EntityManagerFactory for persistence unit 'default'
2025-06-05 10:30:09 [SpringApplicationShutdownHook] INFO  com.zaxxer.hikari.HikariDataSource - HikariPool-1 - Shutdown initiated...
2025-06-05 10:30:09 [SpringApplicationShutdownHook] INFO  com.zaxxer.hikari.HikariDataSource - HikariPool-1 - Shutdown completed.
2025-06-05 10:31:24 [Test worker] INFO  c.e.s.e2e.AuthControllerE2ETest - Starting AuthControllerE2ETest using Java 17.0.14 with PID 15780 (started by It in D:\delta\senti_mate\senti_mate_back_end)
2025-06-05 10:31:24 [Test worker] DEBUG c.e.s.e2e.AuthControllerE2ETest - Running with Spring Boot v3.5.0, Spring v6.2.7
2025-06-05 10:31:24 [Test worker] INFO  c.e.s.e2e.AuthControllerE2ETest - The following 1 profile is active: "test"
2025-06-05 10:31:25 [Test worker] INFO  o.s.d.r.c.RepositoryConfigurationDelegate - Bootstrapping Spring Data JPA repositories in DEFAULT mode.
2025-06-05 10:31:25 [Test worker] INFO  o.s.d.r.c.RepositoryConfigurationDelegate - Finished Spring Data repository scanning in 159 ms. Found 6 JPA repository interfaces.
2025-06-05 10:31:26 [Test worker] INFO  o.s.b.w.e.tomcat.TomcatWebServer - Tomcat initialized with port 0 (http)
2025-06-05 10:31:26 [Test worker] INFO  o.a.catalina.core.StandardService - Starting service [Tomcat]
2025-06-05 10:31:26 [Test worker] INFO  o.a.catalina.core.StandardEngine - Starting Servlet engine: [Apache Tomcat/10.1.41]
2025-06-05 10:31:26 [Test worker] INFO  o.a.c.c.C.[Tomcat].[localhost].[/] - Initializing Spring embedded WebApplicationContext
2025-06-05 10:31:26 [Test worker] INFO  o.s.b.w.s.c.ServletWebServerApplicationContext - Root WebApplicationContext: initialization completed in 2556 ms
2025-06-05 10:31:27 [Test worker] INFO  com.zaxxer.hikari.HikariDataSource - HikariPool-1 - Starting...
2025-06-05 10:31:27 [Test worker] INFO  com.zaxxer.hikari.pool.HikariPool - HikariPool-1 - Added connection com.mysql.cj.jdbc.ConnectionImpl@74a3160d
2025-06-05 10:31:27 [Test worker] INFO  com.zaxxer.hikari.HikariDataSource - HikariPool-1 - Start completed.
2025-06-05 10:31:27 [Test worker] INFO  org.flywaydb.core.FlywayExecutor - Database: jdbc:mysql://localhost:3306/sentimate_db (MySQL 9.2)
2025-06-05 10:31:27 [Test worker] WARN  o.f.c.i.database.base.Database - Flyway upgrade recommended: MySQL 9.2 is newer than this version of Flyway and support has not been tested. The latest supported version of MySQL is 8.1.
2025-06-05 10:31:27 [Test worker] INFO  o.f.core.internal.command.DbValidate - Successfully validated 2 migrations (execution time 00:00.038s)
2025-06-05 10:31:27 [Test worker] INFO  o.f.core.internal.command.DbMigrate - Current version of schema `sentimate_db`: 2
2025-06-05 10:31:27 [Test worker] INFO  o.f.core.internal.command.DbMigrate - Schema `sentimate_db` is up to date. No migration necessary.
2025-06-05 10:31:28 [Test worker] INFO  o.s.o.j.p.SpringPersistenceUnitInfo - No LoadTimeWeaver setup: ignoring JPA class transformer
2025-06-05 10:31:30 [Test worker] INFO  o.s.o.j.LocalContainerEntityManagerFactoryBean - Initialized JPA EntityManagerFactory for persistence unit 'default'
2025-06-05 10:31:30 [Test worker] DEBUG c.e.s.config.JwtAuthenticationFilter - Filter 'jwtAuthenticationFilter' configured for use
2025-06-05 10:31:30 [Test worker] INFO  o.s.s.c.a.a.c.InitializeAuthenticationProviderBeanManagerConfigurer$InitializeAuthenticationProviderManagerConfigurer - Global AuthenticationManager configured with AuthenticationProvider bean with name authenticationProvider
2025-06-05 10:31:30 [Test worker] WARN  o.s.s.c.a.a.c.InitializeUserDetailsBeanManagerConfigurer$InitializeUserDetailsManagerConfigurer - Global AuthenticationManager configured with an AuthenticationProvider bean. UserDetailsService beans will not be used by Spring Security for automatically configuring username/password login. Consider removing the AuthenticationProvider bean. Alternatively, consider using the UserDetailsService in a manually instantiated DaoAuthenticationProvider. If the current configuration is intentional, to turn off this warning, increase the logging level of 'org.springframework.security.config.annotation.authentication.configuration.InitializeUserDetailsBeanManagerConfigurer' to ERROR
2025-06-05 10:31:31 [Test worker] INFO  o.s.d.j.r.query.QueryEnhancerFactory - Hibernate is in classpath; If applicable, HQL parser will be used.
2025-06-05 10:31:33 [Test worker] WARN  o.s.b.a.o.j.JpaBaseConfiguration$JpaWebConfiguration - spring.jpa.open-in-view is enabled by default. Therefore, database queries may be performed during view rendering. Explicitly configure spring.jpa.open-in-view to disable this warning
2025-06-05 10:31:33 [Test worker] INFO  o.s.b.a.e.web.EndpointLinksResolver - Exposing 3 endpoints beneath base path '/actuator'
2025-06-05 10:31:35 [Test worker] DEBUG c.e.s.config.JwtAuthenticationFilter - Filter 'jwtAuthenticationFilter' configured for use
2025-06-05 10:31:35 [Test worker] INFO  o.a.c.c.C.[Tomcat].[localhost].[/] - Initializing Spring TestDispatcherServlet ''
2025-06-05 10:31:35 [Test worker] INFO  o.s.t.w.s.TestDispatcherServlet - Initializing Servlet ''
2025-06-05 10:31:35 [Test worker] INFO  o.s.t.w.s.TestDispatcherServlet - Completed initialization in 4 ms
2025-06-05 10:31:35 [Test worker] INFO  o.s.b.w.e.tomcat.TomcatWebServer - Tomcat started on port 54401 (http) with context path '/'
2025-06-05 10:31:35 [Test worker] INFO  c.e.s.e2e.AuthControllerE2ETest - Started AuthControllerE2ETest in 11.676 seconds (process running for 13.27)
2025-06-05 10:31:36 [SpringApplicationShutdownHook] INFO  o.s.b.w.e.tomcat.GracefulShutdown - Commencing graceful shutdown. Waiting for active requests to complete
2025-06-05 10:31:36 [tomcat-shutdown] INFO  o.s.b.w.e.tomcat.GracefulShutdown - Graceful shutdown complete
2025-06-05 10:31:36 [SpringApplicationShutdownHook] INFO  o.s.o.j.LocalContainerEntityManagerFactoryBean - Closing JPA EntityManagerFactory for persistence unit 'default'
2025-06-05 10:31:36 [SpringApplicationShutdownHook] INFO  com.zaxxer.hikari.HikariDataSource - HikariPool-1 - Shutdown initiated...
2025-06-05 10:31:36 [SpringApplicationShutdownHook] INFO  com.zaxxer.hikari.HikariDataSource - HikariPool-1 - Shutdown completed.
